------------------------------------------------------------
Timing Analyzer Summary
------------------------------------------------------------

Type  : Slow 1200mV 85C Model Setup 'MAX10_CLK1_50'
Slack : -2.879
TNS   : -38.297

Type  : Slow 1200mV 85C Model Setup 'counter25pins:inst3|lpm_counter:LPM_COUNTER_component|cntr_j5h:auto_generated|counter_reg_bit[20]'
Slack : -1.824
TNS   : -12.452

Type  : Slow 1200mV 85C Model Setup 'counter25pins:inst3|lpm_counter:LPM_COUNTER_component|cntr_j5h:auto_generated|counter_reg_bit[24]'
Slack : -1.622
TNS   : -8.100

Type  : Slow 1200mV 85C Model Hold 'counter25pins:inst3|lpm_counter:LPM_COUNTER_component|cntr_j5h:auto_generated|counter_reg_bit[20]'
Slack : 0.347
TNS   : 0.000

Type  : Slow 1200mV 85C Model Hold 'counter25pins:inst3|lpm_counter:LPM_COUNTER_component|cntr_j5h:auto_generated|counter_reg_bit[24]'
Slack : 0.435
TNS   : 0.000

Type  : Slow 1200mV 85C Model Hold 'MAX10_CLK1_50'
Slack : 0.620
TNS   : 0.000

Type  : Slow 1200mV 85C Model Minimum Pulse Width 'MAX10_CLK1_50'
Slack : -3.000
TNS   : -38.075

Type  : Slow 1200mV 85C Model Minimum Pulse Width 'counter25pins:inst3|lpm_counter:LPM_COUNTER_component|cntr_j5h:auto_generated|counter_reg_bit[24]'
Slack : -2.422
TNS   : -10.456

Type  : Slow 1200mV 85C Model Minimum Pulse Width 'counter25pins:inst3|lpm_counter:LPM_COUNTER_component|cntr_j5h:auto_generated|counter_reg_bit[20]'
Slack : -1.403
TNS   : -15.433

Type  : Slow 1200mV 0C Model Setup 'MAX10_CLK1_50'
Slack : -2.468
TNS   : -32.020

Type  : Slow 1200mV 0C Model Setup 'counter25pins:inst3|lpm_counter:LPM_COUNTER_component|cntr_j5h:auto_generated|counter_reg_bit[20]'
Slack : -1.614
TNS   : -10.670

Type  : Slow 1200mV 0C Model Setup 'counter25pins:inst3|lpm_counter:LPM_COUNTER_component|cntr_j5h:auto_generated|counter_reg_bit[24]'
Slack : -1.412
TNS   : -6.975

Type  : Slow 1200mV 0C Model Hold 'counter25pins:inst3|lpm_counter:LPM_COUNTER_component|cntr_j5h:auto_generated|counter_reg_bit[20]'
Slack : 0.311
TNS   : 0.000

Type  : Slow 1200mV 0C Model Hold 'counter25pins:inst3|lpm_counter:LPM_COUNTER_component|cntr_j5h:auto_generated|counter_reg_bit[24]'
Slack : 0.396
TNS   : 0.000

Type  : Slow 1200mV 0C Model Hold 'MAX10_CLK1_50'
Slack : 0.574
TNS   : 0.000

Type  : Slow 1200mV 0C Model Minimum Pulse Width 'MAX10_CLK1_50'
Slack : -3.000
TNS   : -38.075

Type  : Slow 1200mV 0C Model Minimum Pulse Width 'counter25pins:inst3|lpm_counter:LPM_COUNTER_component|cntr_j5h:auto_generated|counter_reg_bit[24]'
Slack : -2.333
TNS   : -10.278

Type  : Slow 1200mV 0C Model Minimum Pulse Width 'counter25pins:inst3|lpm_counter:LPM_COUNTER_component|cntr_j5h:auto_generated|counter_reg_bit[20]'
Slack : -1.403
TNS   : -15.433

Type  : Fast 1200mV 0C Model Setup 'MAX10_CLK1_50'
Slack : -1.131
TNS   : -5.616

Type  : Fast 1200mV 0C Model Setup 'counter25pins:inst3|lpm_counter:LPM_COUNTER_component|cntr_j5h:auto_generated|counter_reg_bit[20]'
Slack : -0.154
TNS   : -0.511

Type  : Fast 1200mV 0C Model Setup 'counter25pins:inst3|lpm_counter:LPM_COUNTER_component|cntr_j5h:auto_generated|counter_reg_bit[24]'
Slack : -0.095
TNS   : -0.380

Type  : Fast 1200mV 0C Model Hold 'counter25pins:inst3|lpm_counter:LPM_COUNTER_component|cntr_j5h:auto_generated|counter_reg_bit[20]'
Slack : 0.152
TNS   : 0.000

Type  : Fast 1200mV 0C Model Hold 'counter25pins:inst3|lpm_counter:LPM_COUNTER_component|cntr_j5h:auto_generated|counter_reg_bit[24]'
Slack : 0.175
TNS   : 0.000

Type  : Fast 1200mV 0C Model Hold 'MAX10_CLK1_50'
Slack : 0.236
TNS   : 0.000

Type  : Fast 1200mV 0C Model Minimum Pulse Width 'MAX10_CLK1_50'
Slack : -3.000
TNS   : -28.800

Type  : Fast 1200mV 0C Model Minimum Pulse Width 'counter25pins:inst3|lpm_counter:LPM_COUNTER_component|cntr_j5h:auto_generated|counter_reg_bit[20]'
Slack : -1.000
TNS   : -11.000

Type  : Fast 1200mV 0C Model Minimum Pulse Width 'counter25pins:inst3|lpm_counter:LPM_COUNTER_component|cntr_j5h:auto_generated|counter_reg_bit[24]'
Slack : -1.000
TNS   : -6.000

------------------------------------------------------------
